I'm sorry, but errors were detected in your script. Please correct the
errors listed below, and try again.


File "game/definitions.rpy", line 191: 'show' is not a keyword argument or valid child for the vbox statement.
    show image "youdied.jpg"
        ^

Ren'Py Version: Ren'Py 8.0.3.22090809
Sun Mar 19 17:52:18 2023
